[themewagon.github.io/soccer/index.html]
[backblue.gif]
[fade.gif]
[index.html]
[themewagon.github.io/soccer/fonts/icomoon/style.css]
[themewagon.github.io/soccer/css/bootstrap/bootstrap.css]
[themewagon.github.io/soccer/css/jquery-ui.css]
[themewagon.github.io/soccer/css/owl.carousel.min.css]
[themewagon.github.io/soccer/css/owl.theme.default.min.css]
[themewagon.github.io/soccer/css/jquery.fancybox.min.css]
[themewagon.github.io/soccer/css/bootstrap-datepicker.css]
[themewagon.github.io/soccer/fonts/flaticon/font/flaticon.css]
[themewagon.github.io/soccer/css/aos.css]
[themewagon.github.io/soccer/css/style.css]
[themewagon.github.io/soccer/index-2.html]
[themewagon.github.io/soccer/images/logo.png]
[themewagon.github.io/soccer/matches.html]
[themewagon.github.io/soccer/players.html]
[themewagon.github.io/soccer/blog.html]
[themewagon.github.io/soccer/contact.html]
[themewagon.github.io/soccer/images/bg_3.jpg]
[themewagon.github.io/soccer/images/logo_1.png]
[themewagon.github.io/soccer/images/logo_2.png]
[themewagon.github.io/soccer/images/img_1.jpg]
[themewagon.github.io/soccer/images/person_1.jpg]
[themewagon.github.io/soccer/images/img_3.jpg]
[themewagon.github.io/soccer/images/img_2.jpg]
[themewagon.github.io/soccer/js/jquery-3.3.1.min.js]
[themewagon.github.io/soccer/js/jquery-migrate-3.0.1.min.js]
[themewagon.github.io/soccer/js/jquery-ui.js]
[themewagon.github.io/soccer/js/popper.min.js]
[themewagon.github.io/soccer/js/bootstrap.min.js]
[themewagon.github.io/soccer/js/owl.carousel.min.js]
[themewagon.github.io/soccer/js/jquery.stellar.min.js]
[themewagon.github.io/soccer/js/jquery.countdown.min.js]
[themewagon.github.io/soccer/js/bootstrap-datepicker.min.js]
[themewagon.github.io/soccer/js/jquery.easing.1.3.js]
[themewagon.github.io/soccer/js/aos.js]
[themewagon.github.io/soccer/js/jquery.fancybox.min.js]
[themewagon.github.io/soccer/js/jquery.sticky.js]
[themewagon.github.io/soccer/js/jquery.mb.YTPlayer.min.js]
[themewagon.github.io/soccer/js/main.js]
[themewagon.github.io/soccer/index.html]
[themewagon.github.io/soccer/fonts/icomoon/fonts/icomoon1a44.eot]
[themewagon.github.io/soccer/fonts/icomoon/fonts/icomoon1a44.ttf]
[themewagon.github.io/soccer/fonts/icomoon/fonts/icomoon1a44.woff]
[themewagon.github.io/soccer/fonts/icomoon/style.css]
[themewagon.github.io/soccer/css/bootstrap/bootstrap.css]
[themewagon.github.io/soccer/fonts/icomoon/fonts/icomoon1a44.svg]
[themewagon.github.io/soccer/css/images/ui-bg_gloss-wave_55_5c9ccc_500x100.png]
[themewagon.github.io/soccer/css/images/ui-bg_glass_85_dfeffc_1x400.png]
[themewagon.github.io/soccer/css/images/ui-bg_glass_75_d0e5f5_1x400.png]
[themewagon.github.io/soccer/css/images/ui-bg_inset-hard_100_f5f8f9_1x100.png]
[themewagon.github.io/soccer/css/images/ui-bg_glass_95_fef1ec_1x400.png]
[themewagon.github.io/soccer/css/images/ui-icons_469bdd_256x240.png]
[themewagon.github.io/soccer/css/images/ui-icons_d8e7f3_256x240.png]
[themewagon.github.io/soccer/css/images/ui-icons_6da8d5_256x240.png]
[themewagon.github.io/soccer/css/images/ui-icons_217bc0_256x240.png]
[themewagon.github.io/soccer/css/images/ui-icons_f9bd01_256x240.png]
[themewagon.github.io/soccer/css/images/ui-icons_2e83ff_256x240.png]
[themewagon.github.io/soccer/css/images/ui-icons_cd0a0a_256x240.png]
[themewagon.github.io/soccer/css/jquery-ui.css]
[themewagon.github.io/soccer/css/owl.video.play.png]
[themewagon.github.io/soccer/css/owl.carousel.min.css]
[themewagon.github.io/soccer/css/owl.theme.default.min.css]
[themewagon.github.io/soccer/css/jquery.fancybox.min.css]
[themewagon.github.io/soccer/css/bootstrap-datepicker.css]
[themewagon.github.io/soccer/fonts/flaticon/font/Flaticon.eot]
[themewagon.github.io/soccer/fonts/flaticon/font/Flaticond41d.eot]
[themewagon.github.io/soccer/fonts/flaticon/font/Flaticon.woff2]
[themewagon.github.io/soccer/fonts/flaticon/font/Flaticon.woff]
[themewagon.github.io/soccer/fonts/flaticon/font/Flaticon.ttf]
[themewagon.github.io/soccer/fonts/flaticon/font/Flaticon.svg]
[themewagon.github.io/soccer/fonts/flaticon/font/flaticon.css]
[themewagon.github.io/soccer/css/aos.css]
[themewagon.github.io/soccer/css/style.css]
[themewagon.github.io/soccer/index-2.html]
[themewagon.github.io/soccer/images/logo_3.png]
[themewagon.github.io/soccer/images/logo_4.png]
[themewagon.github.io/soccer/matches.html]
[themewagon.github.io/soccer/players.html]
[themewagon.github.io/soccer/single.html]
[themewagon.github.io/soccer/blog.html]
[themewagon.github.io/soccer/contact.html]
[themewagon.github.io/soccer/fonts/icomoon/fonts/icomoon1a44.svg]
[themewagon.github.io/soccer/css/images/ui-bg_gloss-wave_55_5c9ccc_500x100.html]
[themewagon.github.io/soccer/css/images/ui-bg_glass_85_dfeffc_1x400.html]
[themewagon.github.io/soccer/css/images/ui-bg_glass_75_d0e5f5_1x400.html]
[themewagon.github.io/soccer/css/images/ui-bg_inset-hard_100_f5f8f9_1x100.html]
[themewagon.github.io/soccer/css/images/ui-bg_glass_95_fef1ec_1x400.html]
[themewagon.github.io/soccer/css/images/ui-icons_469bdd_256x240.html]
[themewagon.github.io/soccer/css/images/ui-icons_d8e7f3_256x240.html]
[themewagon.github.io/soccer/css/images/ui-icons_6da8d5_256x240.html]
[themewagon.github.io/soccer/css/images/ui-icons_217bc0_256x240.html]
[themewagon.github.io/soccer/css/images/ui-icons_f9bd01_256x240.html]
[themewagon.github.io/soccer/css/images/ui-icons_2e83ff_256x240.html]
[themewagon.github.io/soccer/css/images/ui-icons_cd0a0a_256x240.html]
[themewagon.github.io/soccer/css/owl.video.play.html]
[themewagon.github.io/soccer/fonts/flaticon/font/Flaticon.svg]
[themewagon.github.io/soccer/single.html]
